Sat Sep 26 16:55:03 UTC 2026: entrypoint.sh called
Sat Sep 26 16:55:03 UTC 2026: Calling boot_run script
Actual changes:
tx-checksum-ip-generic: off
tx-tcp-segmentation: off [not requested]
tx-tcp-ecn-segmentation: off [not requested]
tx-tcp-mangleid-segmentation: off [not requested]
tx-tcp6-segmentation: off [not requested]
tx-udp-segmentation: off [not requested]
tx-checksum-sctp: off
rx-checksum: off
net.ipv4.ip_local_port_range = 55000 65535
1000
chgrp: invalid group: ‘docker’
chgrp: invalid group: ‘docker’
chgrp: invalid group: ‘docker’
Running as user "root" and group "root". This could be dangerous.
lrwxrwxrwx 1 root root 37 Sep 26 16:55 /usr/lib/x86_64-linux-gnu/wireshark/plugins/4.0/epan/liblib_portmirror.so -> /opt/srlinux/lib/liblib_portmirror.so
No op
Sat Sep 26 16:55:12 UTC 2026: entrypoint.sh done, executing sudo -E bash -c touch /.dockerenv && /opt/srlinux/bin/sr_linux

/usr/bin/sudo --non-interactive -- /opt/srlinux/bin/sr_linux --sudo-switched

sr_app_mgr: Not starting in a named namespace, giving it the name "srbase"
sr_app_mgr: Unix domain socket directory is /opt/srlinux/var/run/
Log directory is /var/log/srlinux/stdout
  Found supportd: PID 1622
  Application supportd is running: PID 1622
  Started dev_mgr: source /etc/profile.d/sr_app_env.sh &>/dev/null; /usr/bin/bash -lc "./sr_device_mgr" >>/var/log/srlinux/stdout/dev_mgr.log 2>&1 &
  Application dev_mgr is running: PID 2231
  Started idb_server: source /etc/profile.d/sr_app_env.sh &>/dev/null; /usr/bin/bash -lc "./sr_idb_server" >>/var/log/srlinux/stdout/idb_server.log 2>&1 &
  Application idb_server is running: PID 2292
  Started log_mgr: source /etc/profile.d/sr_app_env.sh &>/dev/null; /usr/bin/bash -lc "./sr_log_mgr" >>/var/log/srlinux/stdout/log_mgr.log 2>&1 &
  Started xdp_lc_1: source /etc/profile.d/sr_app_env.sh &>/dev/null; /usr/bin/bash -lc "exec -a sr_xdp_lc_1 ./sr_xdp_lc  --slot_num 1 --complex_num 2" >>/var/log/srlinux/stdout/xdp_lc_1.log 2>&1 &
  Started l2_mac_learn_mgr: source /etc/profile.d/sr_app_env.sh &>/dev/null; /usr/bin/bash -lc "./sr_l2_mac_learn_mgr" >>/var/log/srlinux/stdout/l2_mac_learn_mgr.log 2>&1 &
  Started aaa_mgr: source /etc/profile.d/sr_app_env.sh &>/dev/null; /usr/bin/bash -lc "./sr_aaa_mgr" >>/var/log/srlinux/stdout/aaa_mgr.log 2>&1 &
  Started bfd_mgr: source /etc/profile.d/sr_app_env.sh &>/dev/null; /usr/bin/bash -lc "./sr_bfd_mgr" >>/var/log/srlinux/stdout/bfd_mgr.log 2>&1 &
  Started net_inst_mgr: source /etc/profile.d/sr_app_env.sh &>/dev/null; /usr/bin/bash -lc "./sr_net_inst_mgr" >>/var/log/srlinux/stdout/net_inst_mgr.log 2>&1 &
  Started sflow_sample_mgr: source /etc/profile.d/sr_app_env.sh &>/dev/null; /usr/bin/bash -lc "./sr_sflow_sample_mgr" >>/var/log/srlinux/stdout/sflow_sample_mgr.log 2>&1 &
  Started acl_mgr: source /etc/profile.d/sr_app_env.sh &>/dev/null; /usr/bin/bash -lc "./sr_acl_mgr" >>/var/log/srlinux/stdout/acl_mgr.log 2>&1 &
  Started linux_mgr: source /etc/profile.d/sr_app_env.sh &>/dev/null; /usr/bin/bash -lc "systemctl stop chrony  2>/dev/null ; ./sr_linux_mgr" >>/var/log/srlinux/stdout/linux_mgr.log 2>&1 &
  Started stat_id_mgr: source /etc/profile.d/sr_app_env.sh &>/dev/null; /usr/bin/bash -lc "./sr_stat_id_mgr" >>/var/log/srlinux/stdout/stat_id_mgr.log 2>&1 &
  Started l2_mac_mgr: source /etc/profile.d/sr_app_env.sh &>/dev/null; /usr/bin/bash -lc "./sr_l2_mac_mgr" >>/var/log/srlinux/stdout/l2_mac_mgr.log 2>&1 &
  Started index_res_mgr: source /etc/profile.d/sr_app_env.sh &>/dev/null; /usr/bin/bash -lc "./sr_index_res_mgr" >>/var/log/srlinux/stdout/index_res_mgr.log 2>&1 &
  Started mcid_mgr: source /etc/profile.d/sr_app_env.sh &>/dev/null; /usr/bin/bash -lc "./sr_mcid_mgr" >>/var/log/srlinux/stdout/mcid_mgr.log 2>&1 &
  Started arp_nd_mgr: source /etc/profile.d/sr_app_env.sh &>/dev/null; /usr/bin/bash -lc "./sr_arp_nd_mgr" >>/var/log/srlinux/stdout/arp_nd_mgr.log 2>&1 &
  Started dhcp_client_mgr: source /etc/profile.d/sr_app_env.sh &>/dev/null; /usr/bin/bash -lc "./sr_dhcp_client_mgr" >>/var/log/srlinux/stdout/dhcp_client_mgr.log 2>&1 &
  Started evpn_mgr: source /etc/profile.d/sr_app_env.sh &>/dev/null; /usr/bin/bash -lc "./sr_evpn_mgr" >>/var/log/srlinux/stdout/evpn_mgr.log 2>&1 &
  Started lag_mgr: source /etc/profile.d/sr_app_env.sh &>/dev/null; /usr/bin/bash -lc "./sr_lag_mgr" >>/var/log/srlinux/stdout/lag_mgr.log 2>&1 &
  Started chassis_mgr: source /etc/profile.d/sr_app_env.sh &>/dev/null; /usr/bin/bash -lc "./sr_chassis_mgr" >>/var/log/srlinux/stdout/chassis_mgr.log 2>&1 &
  Started fib_mgr: source /etc/profile.d/sr_app_env.sh &>/dev/null; /usr/bin/bash -lc "./sr_fib_mgr" >>/var/log/srlinux/stdout/fib_mgr.log 2>&1 &
  Started mgmt_server: source /etc/profile.d/sr_app_env.sh &>/dev/null; /usr/bin/bash -lc "./sr_mgmt_server" >>/var/log/srlinux/stdout/mgmt_server.log 2>&1 &
  Started mfib_mgr: source /etc/profile.d/sr_app_env.sh &>/dev/null; /usr/bin/bash -lc "./sr_mfib_mgr" >>/var/log/srlinux/stdout/mfib_mgr.log 2>&1 &
  Started radius_mgr: source /etc/profile.d/sr_app_env.sh &>/dev/null; /usr/bin/bash -lc "./sr_radius_mgr" >>/var/log/srlinux/stdout/radius_mgr.log 2>&1 &
  Started license_mgr: source /etc/profile.d/sr_app_env.sh &>/dev/null; /usr/bin/bash -lc "./sr_license_mgr" >>/var/log/srlinux/stdout/license_mgr.log 2>&1 &
  Application log_mgr is running: PID 2381
  Application xdp_lc_1 is running: PID 2411
  Application l2_mac_learn_mgr is running: PID 2434
  Application aaa_mgr is running: PID 2477
  Application bfd_mgr is running: PID 2523
  Application net_inst_mgr is running: PID 2553
  Application sflow_sample_mgr is running: PID 2573
  Application acl_mgr is running: PID 2596
  Application linux_mgr is running: PID 2651
  Application stat_id_mgr is running: PID 2698
  Application l2_mac_mgr is running: PID 2764
  Application index_res_mgr is running: PID 2802
  Application mcid_mgr is running: PID 2849
  Application arp_nd_mgr is running: PID 2886
  Application dhcp_client_mgr is running: PID 2910
  Application evpn_mgr is running: PID 2943
  Application lag_mgr is running: PID 2973
  Application chassis_mgr is running: PID 3018
  Application fib_mgr is running: PID 3093
  Application mgmt_server is running: PID 3124
  Application mfib_mgr is running: PID 3171
  Application radius_mgr is running: PID 3229
