Downloading https://github.com/srl-labs/containerlab/releases/download/v0.79.0/containerlab_0.79.0_linux_amd64.deb
Preparing to install containerlab 0.79.0 from package
Selecting previously unselected package containerlab.
(Reading database ... 202190 files and directories currently installed.)
Preparing to unpack .../containerlab_0.79.0_linux_amd64.deb ...
Unpacking containerlab (0.79.0) ...
Setting up containerlab (0.79.0) ...
Please run the command 'sudo usermod -aG clab_admins $USER && newgrp clab_admins' to ensure that you are part of the Container admin group. You can check this by running 'groups'.

 ⣴⡾⠛⠛⠖ ⢠⣶⠟⠛⢷⣦ ⢸⣿⣧  ⣿ ⠘⠛⢻⡟⠛⠛  ⣾⣿⡀  ⣿⡇ ⣿⣿⡄ ⢸⡇ ⣿⡟⠛⠛⠃⢸⣿⠛⠛⣷⡄ [38;2;0;201;255m⣿⡇[0m      [38;2;0;201;255m⣿⡇[0m    
⢸⣿     ⣿⡇   ⣿⡇⢸⣿⠹⣧⡀⣿   ⢸⡇   ⣸⡏⢹⣧  ⣿⡇ ⣿⡏⢿⣄⢸⡇ ⣿⣧⣤⣤ ⢸⣿⣀⣀⣾⠇ [38;2;0;201;255m⣿⡇⠐⠟⠛⢿⡆[0m [38;2;0;201;255m⣿⡷⠛⢿⣆[0m 
⠘⣿⣄  ⡀ ⢻⣧⡀ ⣠⣿⠃⢸⣿ ⠘⣷⣿   ⢸⡇  ⢠⣿⠷⠶⢿⡆ ⣿⡇ ⣿⡇ ⢻⣾⡇ ⣿⡇   ⢸⣿⠉⢻⣧⡀ [38;2;0;201;255m⣿⡇⢰⡟⠛⣻⡇[0m [38;2;0;201;255m⣿⡇[0m [38;2;0;201;255m⣸⡿[0m 
 ⠈⠙⠛⠛⠉  ⠉⠛⠛⠋⠁ ⠘⠛  ⠈⠛   ⠘⠃  ⠚⠃  ⠘⠛ ⠛⠃ ⠛⠃  ⠙⠃ ⠛⠛⠛⠛⠃⠘⠛  ⠙⠓ [38;2;0;201;255m⠛⠃⠈⠛⠛⠙⠃[0m [38;2;0;201;255m⠛⠛⠛⠛⠁[0m 

    version: 0.79.0
     commit: 5ae50094a
       date: 2026-08-21T12:00:52Z
     source: https://github.com/srl-labs/containerlab
 rel. notes: https://containerlab.dev/rn/0.79/

 ⣴⡾⠛⠛⠖ ⢠⣶⠟⠛⢷⣦ ⢸⣿⣧  ⣿ ⠘⠛⢻⡟⠛⠛  ⣾⣿⡀  ⣿⡇ ⣿⣿⡄ ⢸⡇ ⣿⡟⠛⠛⠃⢸⣿⠛⠛⣷⡄ [38;2;0;201;255m⣿⡇[0m      [38;2;0;201;255m⣿⡇[0m    
⢸⣿     ⣿⡇   ⣿⡇⢸⣿⠹⣧⡀⣿   ⢸⡇   ⣸⡏⢹⣧  ⣿⡇ ⣿⡏⢿⣄⢸⡇ ⣿⣧⣤⣤ ⢸⣿⣀⣀⣾⠇ [38;2;0;201;255m⣿⡇⠐⠟⠛⢿⡆[0m [38;2;0;201;255m⣿⡷⠛⢿⣆[0m 
⠘⣿⣄  ⡀ ⢻⣧⡀ ⣠⣿⠃⢸⣿ ⠘⣷⣿   ⢸⡇  ⢠⣿⠷⠶⢿⡆ ⣿⡇ ⣿⡇ ⢻⣾⡇ ⣿⡇   ⢸⣿⠉⢻⣧⡀ [38;2;0;201;255m⣿⡇⢰⡟⠛⣻⡇[0m [38;2;0;201;255m⣿⡇[0m [38;2;0;201;255m⣸⡿[0m 
 ⠈⠙⠛⠛⠉  ⠉⠛⠛⠋⠁ ⠘⠛  ⠈⠛   ⠘⠃  ⠚⠃  ⠘⠛ ⠛⠃ ⠛⠃  ⠙⠃ ⠛⠛⠛⠛⠃⠘⠛  ⠙⠓ [38;2;0;201;255m⠛⠃⠈⠛⠛⠙⠃[0m [38;2;0;201;255m⠛⠛⠛⠛⠁[0m 

    version: 0.79.0
     commit: 5ae50094a
       date: 2026-08-21T12:00:52Z
     source: https://github.com/srl-labs/containerlab
 rel. notes: https://containerlab.dev/rn/0.79/
